0   0   1
1.0   0.0   0.0   0
0.0   1.0   0.0   0
0.0   0.0   1.0   0
0   0   0   1
1   1   2
1.0   0.0   0.0   0.0
0.0   1.0   0.0   0.0
0.0   0.0   1.0   0.0
0   0   0   1
0   0   1
1.0   0.0   0.0   0
0.0   1.0   0.0   0
0.0   0.0   1.0   0
0   0   0   1
1   1   2
-0.09567100900938857   -0.08793457401688384   0.9915213405305984   -1.0746568593336796
0.018931410277632652   0.9957494975405622   0.09013622941202776   -0.09973707680695158
-0.9952329675709227   0.027394321312763495   -0.09359963365199479   1.3167363379201236
0   0   0   1
0   0   1
1.0   0.0   0.0   0
0.0   1.0   0.0   0
0.0   0.0   1.0   0
0   0   0   1
1   1   2
-0.9935675857167321   -0.08521709385870643   0.07457546196505387   0.06671860371316685
-0.08501739816740377   0.9963622697067175   0.00585401688789055   -0.04619133184282358
-0.07480303885451382   -0.0005238503173546612   -0.9971981904110009   2.279094754140829
0   0   0   1
0   0   1
1.0   0.0   0.0   0
0.0   1.0   0.0   0
0.0   0.0   1.0   0
0   0   0   1
1   1   2
0.05231441007717428   -0.1322706272751309   -0.9898321492346674   1.1650689584832514
-0.017212519929866915   0.9909227450910852   -0.13332607553967996   0.029235080968133945
0.9984823141427898   0.024012380585687835   0.04956282803338506   1.217647205730395
0   0   0   1
