0   0   1
1.0   0.0   0.0   0
0.0   1.0   0.0   0
0.0   0.0   1.0   0
0   0   0   1
1   1   2
1.0   0.0   0.0   0.0
0.0   1.0   0.0   0.0
0.0   0.0   1.0   0.0
0   0   0   1
0   0   1
1.0   0.0   0.0   0
0.0   1.0   0.0   0
0.0   0.0   1.0   0
0   0   0   1
1   1   2
-0.9848687708389946   -0.04986590389009245   0.16597257561209158   0.03870733252479708
-0.0565249837498735   0.9977648642886902   -0.03563989061497787   0.04078861004836766
-0.16382438902118307   -0.044482212402207635   -0.9854861248853992   1.4048026439834809
0   0   0   1
0   0   1
1.0   0.0   0.0   0
0.0   1.0   0.0   0
0.0   0.0   1.0   0
0   0   0   1
1   1   2
-0.24487231791543518   -0.055886076140026386   -0.967943332232003   0.8015003364130037
-0.1122252533130505   0.9932607881830756   -0.028956850256157716   0.046773707679315574
0.9630384418275024   0.1015369546106592   -0.24949390054838863   0.7658222724319701
0   0   0   1
0   0   1
1.0   0.0   0.0   0
0.0   1.0   0.0   0
0.0   0.0   1.0   0
0   0   0   1
1   1   2
0.11522091892766285   -0.05655905362521626   0.99172839693864   -0.5780055556642824
0.05643696313450197   0.997137760222075   0.050310598599680394   -0.0017030478469207142
-0.9917353523161407   0.05017330557500879   0.11808315025462769   0.6672276074817355
0   0   0   1
