0   0   1
1.0   0.0   0.0   0
0.0   1.0   0.0   0
0.0   0.0   1.0   0
0   0   0   1
1   1   2
1.0   0.0   0.0   0.0
0.0   1.0   0.0   0.0
0.0   0.0   1.0   0.0
0   0   0   1
0   0   1
1.0   0.0   0.0   0
0.0   1.0   0.0   0
0.0   0.0   1.0   0
0   0   0   1
1   1   2
-0.9328024426131688   0.26898874324760347   -0.23984298835067286   0.6188294324168615
-0.11450431313766625   0.40981810575473854   0.9049518674871441   -1.4236141927984551
0.3417138646993671   0.8716043690813354   -0.3514789587877911   2.521033497144727
0   0   0   1
0   0   1
1.0   0.0   0.0   0
0.0   1.0   0.0   0
0.0   0.0   1.0   0
0   0   0   1
1   1   2
0.48841899054494814   0.28123761050318313   -0.8260461827970117   1.7044665694898147
-0.3024800096214741   0.9425125979125799   0.1420417070985578   -0.2721059748102596
0.8185064040399728   0.18048659012386323   0.545409806779282   0.9349501286233951
0   0   0   1
0   0   1
1.0   0.0   0.0   0
0.0   1.0   0.0   0
0.0   0.0   1.0   0
0   0   0   1
1   1   2
-0.2912455050623491   -0.7151736196036114   0.6353760694297876   -0.833476197330075
0.3115859585187988   0.5570365729748114   0.7698210485706397   -1.236506714053331
-0.9044834140186866   0.4221811817117703   0.060603659737301   2.03534891065707
0   0   0   1
