0   0   1
1.0   0.0   0.0   0
0.0   1.0   0.0   0
0.0   0.0   1.0   0
0   0   0   1
1   1   2
0.12136363349033251   0.01034749961456473   -0.9925541787316957   1.2275876287463134
0.02270577054978761   0.9996550728272905   0.01319785415909182   0.08231552548885304
0.992348384615889   -0.024138446975537645   0.12108682392335063   1.0889652555417377
0   0   0   1
0   0   1
1.0   0.0   0.0   0
0.0   1.0   0.0   0
0.0   0.0   1.0   0
0   0   0   1
1   1   2
0.0232907541137343   -0.07480543949188335   0.9969261191258053   -1.0038914961196312
-0.1204257549653343   0.9897254816451242   0.07707858667201896   0.098371003517834
-0.9924490809678058   -0.12185079894999812   0.014042951306770147   1.1272059766877582
0   0   0   1
