0   0   1
1.0   0.0   0.0   0
0.0   1.0   0.0   0
0.0   0.0   1.0   0
0   0   0   1
1   1   2
0.5437005013650241   0.005601506904857528   0.8392606197932897   -0.7631234708435984
-0.03188618992242637   0.9993936387111149   0.013986629186084978   -0.0019971469647663055
-0.8386733784421996   -0.034365360818023175   0.5435494331412689   0.5793936439601107
0   0   0   1
0   0   1
1.0   0.0   0.0   0
0.0   1.0   0.0   0
0.0   0.0   1.0   0
0   0   0   1
1   1   2
-0.043638623197151005   0.004929133131081254   0.9990352217074395   -1.2594708856979127
-0.025349434250814276   0.9996604076474154   -0.006039500423603907   0.010146925819768816
-0.9987257264878183   -0.025588533150205095   -0.04349885311821605   1.1808999158814693
0   0   0   1
0   0   1
1.0   0.0   0.0   0
0.0   1.0   0.0   0
0.0   0.0   1.0   0
0   0   0   1
1   1   2
-0.012366268973338312   0.1595783208645729   -0.9871078132107567   1.281711000105106
0.0048831398250252095   0.9871811646217671   0.15952900413862153   -0.39288702675330706
0.9999116112622795   -0.0028474069000559987   -0.012986991060950526   1.131758032481475
0   0   0   1
0   0   1
1.0   0.0   0.0   0
0.0   1.0   0.0   0
0.0   0.0   1.0   0
0   0   0   1
1   1   2
-0.043638623197151005   0.004929133131081254   0.9990352217074395   -1.2594708856979127
-0.025349434250814276   0.9996604076474154   -0.006039500423603907   0.010146925819768816
-0.9987257264878183   -0.025588533150205095   -0.04349885311821605   1.1808999158814693
0   0   0   1
0   0   1
1.0   0.0   0.0   0
0.0   1.0   0.0   0
0.0   0.0   1.0   0
0   0   0   1
1   1   2
-0.012366268973338312   0.1595783208645729   -0.9871078132107567   1.281711000105106
0.0048831398250252095   0.9871811646217671   0.15952900413862153   -0.39288702675330706
0.9999116112622795   -0.0028474069000559987   -0.012986991060950526   1.131758032481475
0   0   0   1
0   0   1
1.0   0.0   0.0   0
0.0   1.0   0.0   0
0.0   0.0   1.0   0
0   0   0   1
1   1   2
-0.009198851511956596   -0.2559861154356099   0.9666366896797617   -1.1192503140384327
-0.012959601642412666   0.9666269220522696   0.25586020067416865   -0.432965078110323
-0.9998737069530989   -0.010173606437369087   -0.012209335605452731   1.2803911465809954
0   0   0   1
0   0   1
1.0   0.0   0.0   0
0.0   1.0   0.0   0
0.0   0.0   1.0   0
0   0   0   1
1   1   2
0.05731913596760102   0.23901726287305913   -0.9693220644866177   1.1364407228331392
-0.16843724891810752   0.9593154128908172   0.22658956676559622   -0.21231510747375282
0.984044414561064   0.15028202367146926   0.09524654078957823   1.1872320432681813
0   0   0   1
0   0   1
1.0   0.0   0.0   0
0.0   1.0   0.0   0
0.0   0.0   1.0   0
0   0   0   1
1   1   2
-0.043638623197151005   0.004929133131081254   0.9990352217074395   -1.2594708856979127
-0.025349434250814276   0.9996604076474154   -0.006039500423603907   0.010146925819768816
-0.9987257264878183   -0.025588533150205095   -0.04349885311821605   1.1808999158814693
0   0   0   1
0   0   1
1.0   0.0   0.0   0
0.0   1.0   0.0   0
0.0   0.0   1.0   0
0   0   0   1
1   1   2
-0.012366268973338312   0.1595783208645729   -0.9871078132107567   1.281711000105106
0.0048831398250252095   0.9871811646217671   0.15952900413862153   -0.39288702675330706
0.9999116112622795   -0.0028474069000559987   -0.012986991060950526   1.131758032481475
0   0   0   1
0   0   1
1.0   0.0   0.0   0
0.0   1.0   0.0   0
0.0   0.0   1.0   0
0   0   0   1
1   1   2
-0.009198851511956596   -0.2559861154356099   0.9666366896797617   -1.1192503140384327
-0.012959601642412666   0.9666269220522696   0.25586020067416865   -0.432965078110323
-0.9998737069530989   -0.010173606437369087   -0.012209335605452731   1.2803911465809954
0   0   0   1
0   0   1
1.0   0.0   0.0   0
0.0   1.0   0.0   0
0.0   0.0   1.0   0
0   0   0   1
1   1   2
0.05731913596760102   0.23901726287305913   -0.9693220644866177   1.1364407228331392
-0.16843724891810752   0.9593154128908172   0.22658956676559622   -0.21231510747375282
0.984044414561064   0.15028202367146926   0.09524654078957823   1.1872320432681813
0   0   0   1
0   0   1
1.0   0.0   0.0   0
0.0   1.0   0.0   0
0.0   0.0   1.0   0
0   0   0   1
1   1   2
-0.043638623197151005   0.004929133131081254   0.9990352217074395   -1.2594708856979127
-0.025349434250814276   0.9996604076474154   -0.006039500423603907   0.010146925819768816
-0.9987257264878183   -0.025588533150205095   -0.04349885311821605   1.1808999158814693
0   0   0   1
0   0   1
1.0   0.0   0.0   0
0.0   1.0   0.0   0
0.0   0.0   1.0   0
0   0   0   1
1   1   2
-0.012366268973338312   0.1595783208645729   -0.9871078132107567   1.281711000105106
0.0048831398250252095   0.9871811646217671   0.15952900413862153   -0.39288702675330706
0.9999116112622795   -0.0028474069000559987   -0.012986991060950526   1.131758032481475
0   0   0   1
0   0   1
1.0   0.0   0.0   0
0.0   1.0   0.0   0
0.0   0.0   1.0   0
0   0   0   1
1   1   2
-0.009198851511956596   -0.2559861154356099   0.9666366896797617   -1.1192503140384327
-0.012959601642412666   0.9666269220522696   0.25586020067416865   -0.432965078110323
-0.9998737069530989   -0.010173606437369087   -0.012209335605452731   1.2803911465809954
0   0   0   1
0   0   1
1.0   0.0   0.0   0
0.0   1.0   0.0   0
0.0   0.0   1.0   0
0   0   0   1
1   1   2
0.05731913596760102   0.23901726287305913   -0.9693220644866177   1.1364407228331392
-0.16843724891810752   0.9593154128908172   0.22658956676559622   -0.21231510747375282
0.984044414561064   0.15028202367146926   0.09524654078957823   1.1872320432681813
0   0   0   1
0   0   1
1.0   0.0   0.0   0
0.0   1.0   0.0   0
0.0   0.0   1.0   0
0   0   0   1
1   1   2
-0.043638623197151005   0.004929133131081254   0.9990352217074395   -1.2594708856979127
-0.025349434250814276   0.9996604076474154   -0.006039500423603907   0.010146925819768816
-0.9987257264878183   -0.025588533150205095   -0.04349885311821605   1.1808999158814693
0   0   0   1
0   0   1
1.0   0.0   0.0   0
0.0   1.0   0.0   0
0.0   0.0   1.0   0
0   0   0   1
1   1   2
-0.012366268973338312   0.1595783208645729   -0.9871078132107567   1.281711000105106
0.0048831398250252095   0.9871811646217671   0.15952900413862153   -0.39288702675330706
0.9999116112622795   -0.0028474069000559987   -0.012986991060950526   1.131758032481475
0   0   0   1
0   0   1
1.0   0.0   0.0   0
0.0   1.0   0.0   0
0.0   0.0   1.0   0
0   0   0   1
1   1   2
-0.043638623197151005   0.004929133131081254   0.9990352217074395   -1.2594708856979127
-0.025349434250814276   0.9996604076474154   -0.006039500423603907   0.010146925819768816
-0.9987257264878183   -0.025588533150205095   -0.04349885311821605   1.1808999158814693
0   0   0   1
0   0   1
1.0   0.0   0.0   0
0.0   1.0   0.0   0
0.0   0.0   1.0   0
0   0   0   1
1   1   2
-0.012366268973338312   0.1595783208645729   -0.9871078132107567   1.281711000105106
0.0048831398250252095   0.9871811646217671   0.15952900413862153   -0.39288702675330706
0.9999116112622795   -0.0028474069000559987   -0.012986991060950526   1.131758032481475
0   0   0   1
0   0   1
1.0   0.0   0.0   0
0.0   1.0   0.0   0
0.0   0.0   1.0   0
0   0   0   1
1   1   2
-0.009198851511956596   -0.2559861154356099   0.9666366896797617   -1.1192503140384327
-0.012959601642412666   0.9666269220522696   0.25586020067416865   -0.432965078110323
-0.9998737069530989   -0.010173606437369087   -0.012209335605452731   1.2803911465809954
0   0   0   1
0   0   1
1.0   0.0   0.0   0
0.0   1.0   0.0   0
0.0   0.0   1.0   0
0   0   0   1
1   1   2
0.05731913596760102   0.23901726287305913   -0.9693220644866177   1.1364407228331392
-0.16843724891810752   0.9593154128908172   0.22658956676559622   -0.21231510747375282
0.984044414561064   0.15028202367146926   0.09524654078957823   1.1872320432681813
0   0   0   1
0   0   1
1.0   0.0   0.0   0
0.0   1.0   0.0   0
0.0   0.0   1.0   0
0   0   0   1
1   1   2
-0.043638623197151005   0.004929133131081254   0.9990352217074395   -1.2594708856979127
-0.025349434250814276   0.9996604076474154   -0.006039500423603907   0.010146925819768816
-0.9987257264878183   -0.025588533150205095   -0.04349885311821605   1.1808999158814693
0   0   0   1
0   0   1
1.0   0.0   0.0   0
0.0   1.0   0.0   0
0.0   0.0   1.0   0
0   0   0   1
1   1   2
-0.012366268973338312   0.1595783208645729   -0.9871078132107567   1.281711000105106
0.0048831398250252095   0.9871811646217671   0.15952900413862153   -0.39288702675330706
0.9999116112622795   -0.0028474069000559987   -0.012986991060950526   1.131758032481475
0   0   0   1
0   0   1
1.0   0.0   0.0   0
0.0   1.0   0.0   0
0.0   0.0   1.0   0
0   0   0   1
1   1   2
-0.009198851511956596   -0.2559861154356099   0.9666366896797617   -1.1192503140384327
-0.012959601642412666   0.9666269220522696   0.25586020067416865   -0.432965078110323
-0.9998737069530989   -0.010173606437369087   -0.012209335605452731   1.2803911465809954
0   0   0   1
0   0   1
1.0   0.0   0.0   0
0.0   1.0   0.0   0
0.0   0.0   1.0   0
0   0   0   1
1   1   2
0.05731913596760102   0.23901726287305913   -0.9693220644866177   1.1364407228331392
-0.16843724891810752   0.9593154128908172   0.22658956676559622   -0.21231510747375282
0.984044414561064   0.15028202367146926   0.09524654078957823   1.1872320432681813
0   0   0   1
0   0   1
1.0   0.0   0.0   0
0.0   1.0   0.0   0
0.0   0.0   1.0   0
0   0   0   1
1   1   2
-0.043638623197151005   0.004929133131081254   0.9990352217074395   -1.2594708856979127
-0.025349434250814276   0.9996604076474154   -0.006039500423603907   0.010146925819768816
-0.9987257264878183   -0.025588533150205095   -0.04349885311821605   1.1808999158814693
0   0   0   1
0   0   1
1.0   0.0   0.0   0
0.0   1.0   0.0   0
0.0   0.0   1.0   0
0   0   0   1
1   1   2
-0.012366268973338312   0.1595783208645729   -0.9871078132107567   1.281711000105106
0.0048831398250252095   0.9871811646217671   0.15952900413862153   -0.39288702675330706
0.9999116112622795   -0.0028474069000559987   -0.012986991060950526   1.131758032481475
0   0   0   1
0   0   1
1.0   0.0   0.0   0
0.0   1.0   0.0   0
0.0   0.0   1.0   0
0   0   0   1
1   1   2
-0.009198851511956596   -0.2559861154356099   0.9666366896797617   -1.1192503140384327
-0.012959601642412666   0.9666269220522696   0.25586020067416865   -0.432965078110323
-0.9998737069530989   -0.010173606437369087   -0.012209335605452731   1.2803911465809954
0   0   0   1
0   0   1
1.0   0.0   0.0   0
0.0   1.0   0.0   0
0.0   0.0   1.0   0
0   0   0   1
1   1   2
0.05731913596760102   0.23901726287305913   -0.9693220644866177   1.1364407228331392
-0.16843724891810752   0.9593154128908172   0.22658956676559622   -0.21231510747375282
0.984044414561064   0.15028202367146926   0.09524654078957823   1.1872320432681813
0   0   0   1
